
R version 4.1.2 (2021-11-01) -- "Bird Hippie"
Copyright (C) 2021 The R Foundation for Statistical Computing
Platform: x86_64-pc-linux-gnu (64-bit)

R is free software and comes with ABSOLUTELY NO WARRANTY.
You are welcome to redistribute it under certain conditions.
Type 'license()' or 'licence()' for distribution details.

  Natural language support but running in an English locale

R is a collaborative project with many contributors.
Type 'contributors()' for more information and
'citation()' on how to cite R or R packages in publications.

Type 'demo()' for some demos, 'help()' for on-line help, or
'help.start()' for an HTML browser interface to help.
Type 'q()' to quit R.

> pkgname <- "ToxicR"
> source(file.path(R.home("share"), "R", "examples-header.R"))
> options(warn = 1)
> base::assign(".ExTimings", "ToxicR-Ex.timings", pos = 'CheckExEnv')
> base::cat("name\tuser\tsystem\telapsed\n", file=base::get(".ExTimings", pos = 'CheckExEnv'))
> base::assign(".format_ptime",
+ function(x) {
+   if(!is.na(x[4L])) x[1L] <- x[1L] + x[4L]
+   if(!is.na(x[5L])) x[2L] <- x[2L] + x[5L]
+   options(OutDec = '.')
+   format(x[1L:3L], digits = 7L)
+ },
+ pos = 'CheckExEnv')
> 
> ### * </HEADER>
> library('ToxicR')
Warning: replacing previous import â€˜doBy::order_byâ€™ by â€˜dplyr::order_byâ€™ when loading â€˜ToxicRâ€™

                                                                                                            
  _______               _____  
 |__   __|      ðŸ¤“     |  __ \ 
    | | _____  ___  ___| |__) |
    | |/ _ \ \/ / |/ __|  _  / 
    | | (_) >  <| | (__| | \ \ 
    |_|\___/_/\_\_|\___|_|  \_\
    ___
    | |
    / \                   ____()()
   /â˜ â˜ â˜ \                 /       xx
  (_____)          `~~~~~\_;m__m.__>o   

                                         
THE SOFTWARE IS PROVIDED AS IS, WITHOUT WARRANTY OF ANY KIND, EXPRESS OR IMPLIED, 
INCLUDING BUT NOT LIMITED TO THE WARRANTIES OF MERCHANTABILITY, FITNESS FOR A 
PARTICULAR PURPOSE AND NONINFRINGEMENT. IN NO EVENT SHALL THE AUTHORS OR COPYRIGHT 
HOLDERS BE LIABLE FOR ANY CLAIM, DAMAGES OR OTHER LIABILITY, WHETHER IN AN ACTION OF 
CONTRACT, TORT OR OTHERWISE, ARISING FROM, OUT OF OR IN CONNECTION WITH THE SOFTWARE
OR THE USE OR OTHER DEALINGS IN THE SOFTWARE.

> 
> base::assign(".oldSearch", base::search(), pos = 'CheckExEnv')
> base::assign(".old_wd", base::getwd(), pos = 'CheckExEnv')
> cleanEx()
> nameEx("MAdensity_plot")
> ### * MAdensity_plot
> 
> flush(stderr()); flush(stdout())
> 
> base::assign(".ptime", proc.time(), pos = "CheckExEnv")
> ### Name: MAdensity_plot
> ### Title: MAdensity_plot - Create a density plot from a model averaged
> ###   model.
> ### Aliases: MAdensity_plot
> 
> ### ** Examples
> 
> 
> ...
Error: '...' used in an incorrect context
Execution halted
